// Jest Snapshot v1, https://goo.gl/fbAQLP

exports[`Default render 1`] = `
<div
  className="src-shared-components-GUIKit-Datepicker-___style__container___Sl58X"
>
  <withStyles(SingleDatePicker)
    anchorDirection="left"
    appendToBody={false}
    block={false}
    calendarInfoPosition="bottom"
    customCloseIcon={null}
    customInputIcon={
      <IconCalendar
        height="16"
        viewBox="0 0 16 16"
        width="16"
        xmlns="http://www.w3.org/2000/svg"
      />
    }
    date={null}
    daySize={47}
    disableScroll={false}
    disabled={false}
    displayFormat="MMM DD, YYYY"
    enableOutsideDays={true}
    firstDayOfWeek={1}
    focused={false}
    hideKeyboardShortcutsPanel={true}
    horizontalMargin={0}
    horizontalMonthPadding={13}
    id="null----false"
    initialVisibleMonth={null}
    inputIconPosition="after"
    isDayBlocked={[Function]}
    isDayHighlighted={[Function]}
    isOutsideRange={[Function]}
    isRTL={false}
    keepFocusOnInput={false}
    keepOpenOnDateSelect={false}
    monthFormat="MMMM YYYY"
    navNext={
      <IconNext
        height="16"
        viewBox="0 0 10 16"
        width="10"
        xmlns="http://www.w3.org/2000/svg"
      />
    }
    navPrev={
      <IconPrev
        height="16"
        viewBox="0 0 10 16"
        width="10"
        xmlns="http://www.w3.org/2000/svg"
      />
    }
    noBorder={false}
    numberOfMonths={1}
    onClose={[Function]}
    onDateChange={[Function]}
    onFocusChange={[Function]}
    onNextMonthClick={[Function]}
    onPrevMonthClick={[Function]}
    openDirection="down"
    orientation="horizontal"
    phrases={
      Object {
        "calendarLabel": "Calendar",
        "chooseAvailableDate": [Function],
        "clearDate": "Clear Date",
        "closeDatePicker": "Close",
        "dateIsSelected": [Function],
        "dateIsUnavailable": [Function],
        "enterKey": "Enter key",
        "escape": "Escape key",
        "hideKeyboardShortcutsPanel": "Close the shortcuts panel.",
        "homeEnd": "Home and end keys",
        "jumpToNextMonth": "Move forward to switch to the next month.",
        "jumpToPrevMonth": "Move backward to switch to the previous month.",
        "keyboardNavigationInstructions": "Press the down arrow key to interact with the calendar and
  select a date. Press the question mark key to get the keyboard shortcuts for changing dates.",
        "keyboardShortcuts": "Keyboard Shortcuts",
        "leftArrowRightArrow": "Right and left arrow keys",
        "moveFocusByOneDay": "Move backward (left) and forward (right) by one day.",
        "moveFocusByOneMonth": "Switch months.",
        "moveFocusByOneWeek": "Move backward (up) and forward (down) by one week.",
        "moveFocustoStartAndEndOfWeek": "Go to the first or last day of a week.",
        "openThisPanel": "Open this panel.",
        "pageUpPageDown": "page up and page down keys",
        "questionMark": "Question mark",
        "returnFocusToInput": "Return to the date input field.",
        "selectFocusedDate": "Select the date in focus.",
        "showKeyboardShortcutsPanel": "Open the keyboard shortcuts panel.",
        "upArrowDownArrow": "up and down arrow keys",
      }
    }
    placeholder=""
    readOnly={false}
    regular={false}
    renderCalendarInfo={null}
    renderDayContents={[Function]}
    renderMonthElement={null}
    renderMonthText={null}
    reopenPickerOnClearDate={false}
    required={false}
    screenReaderInputMessage=""
    showClearDate={false}
    showDefaultInputIcon={false}
    small={false}
    verticalHeight={null}
    verticalSpacing={22}
    weekDayFormat="ddd"
    withFullScreenPortal={false}
    withPortal={false}
  />
</div>
`;
